src/controllers/AuthController.ts(9,18): error TS7030: Not all code paths return a value.
src/controllers/AuthController.ts(30,18): error TS7030: Not all code paths return a value.
src/controllers/FacilityController.ts(9,25): error TS6133: 'req' is declared but its value is never read.
src/controllers/FacilityController.ts(42,18): error TS7030: Not all code paths return a value.
src/controllers/FacilityController.ts(141,32): error TS6133: 'req' is declared but its value is never read.
src/controllers/UserController.ts(45,18): error TS7030: Not all code paths return a value.
src/middlewares/auth.ts(24,5): error TS6133: 'res' is declared but its value is never read.
src/middlewares/auth.ts(56,27): error TS6133: 'res' is declared but its value is never read.
src/middlewares/errorHandler.ts(18,5): error TS6133: 'req' is declared but its value is never read.
src/middlewares/errorHandler.ts(20,5): error TS6133: 'next' is declared but its value is never read.
src/routes/index.ts(16,24): error TS6133: 'req' is declared but its value is never read.
src/server.ts(21,19): error TS6133: 'res' is declared but its value is never read.
src/services/AuthService.ts(104,20): error TS2769: No overload matches this call.
  Overload 1 of 5, '(payload: string | object | Buffer<ArrayBufferLike>, secretOrPrivateKey: null, options?: (SignOptions & { algorithm: "none"; }) | undefined): string', gave the following error.
    Argument of type 'string' is not assignable to parameter of type 'null'.
  Overload 2 of 5, '(payload: string | object | Buffer<ArrayBufferLike>, secretOrPrivateKey: Buffer<ArrayBufferLike> | Secret | PrivateKeyInput | JsonWebKeyInput, options?: SignOptions | undefined): string', gave the following error.
    Type 'string' is not assignable to type 'number | StringValue | undefined'.
  Overload 3 of 5, '(payload: string | object | Buffer<ArrayBufferLike>, secretOrPrivateKey: Buffer<ArrayBufferLike> | Secret | PrivateKeyInput | JsonWebKeyInput, callback: SignCallback): void', gave the following error.
    Object literal may only specify known properties, and 'expiresIn' does not exist in type 'SignCallback'.
